DELETE /api/admin/user/:id/content                    cors.New → middleware.NamePreference → ContentStance → OptionalAuth → Auth → RequirePermission → PurgeHandler.PurgeUserContent
DELETE /api/galgame/:id                               cors.New → middleware.NamePreference → ContentStance → OptionalAuth → Auth → SubmissionHandler.Withdraw
DELETE /api/galgame/:id/cover/:coverId/vote           cors.New → middleware.NamePreference → ContentStance → OptionalAuth → Auth → CoverVoteHandler.Unvote
DELETE /api/galgame/:id/draft                         cors.New → middleware.NamePreference → ContentStance → OptionalAuth → Auth → SubmissionHandler.DeleteDraft
DELETE /api/galgame/collection/:cid                   cors.New → middleware.NamePreference → ContentStance → OptionalAuth → Auth → GalgameCollectionHandler.Delete
DELETE /api/v1/admin/docs/:doc_id                     cors.New → v1Headers → fiberAdapter.Handle
DELETE /api/v1/admin/friend-links/:friend_link_id     cors.New → v1Headers → fiberAdapter.Handle
DELETE /api/v1/admin/topics/:topic_id                 cors.New → v1Headers → fiberAdapter.Handle
DELETE /api/v1/admin/website-categories/:website_category_id cors.New → v1Headers → fiberAdapter.Handle
DELETE /api/v1/admin/website-tag-groups/:website_tag_group_id cors.New → v1Headers → fiberAdapter.Handle
DELETE /api/v1/admin/website-tags/:website_tag_id     cors.New → v1Headers → fiberAdapter.Handle
DELETE /api/v1/admin/websites/:website_id             cors.New → v1Headers → fiberAdapter.Handle
DELETE /api/v1/comments/:comment_id                   cors.New → v1Headers → fiberAdapter.Handle
DELETE /api/v1/comments/:comment_id/like              cors.New → v1Headers → fiberAdapter.Handle
DELETE /api/v1/galgame-resources/:resource_id         cors.New → v1Headers → fiberAdapter.Handle
DELETE /api/v1/galgame-resources/:resource_id/like    cors.New → v1Headers → fiberAdapter.Handle
DELETE /api/v1/lotteries/:lottery_id                  cors.New → v1Headers → fiberAdapter.Handle
DELETE /api/v1/lotteries/:lottery_id/entries/me       cors.New → v1Headers → fiberAdapter.Handle
DELETE /api/v1/me/notifications/:notification_id      cors.New → v1Headers → fiberAdapter.Handle
DELETE /api/v1/me/topic-drafts/:draft_id              cors.New → v1Headers → fiberAdapter.Handle
DELETE /api/v1/me/walls/:subject_type/:subject_id/follow cors.New → v1Headers → fiberAdapter.Handle
DELETE /api/v1/polls/:poll_id                         cors.New → v1Headers → fiberAdapter.Handle
DELETE /api/v1/polls/:poll_id/vote                    cors.New → v1Headers → fiberAdapter.Handle
DELETE /api/v1/quizzes/:quiz_id                       cors.New → v1Headers → fiberAdapter.Handle
DELETE /api/v1/quizzes/:quiz_id/favorite              cors.New → v1Headers → fiberAdapter.Handle
DELETE /api/v1/ratings/:rating_id                     cors.New → v1Headers → fiberAdapter.Handle
DELETE /api/v1/ratings/:rating_id/like                cors.New → v1Headers → fiberAdapter.Handle
DELETE /api/v1/replies/:reply_id                      cors.New → v1Headers → fiberAdapter.Handle
DELETE /api/v1/replies/:reply_id/reactions/:reaction  cors.New → v1Headers → fiberAdapter.Handle
DELETE /api/v1/todos/:todo_id                         cors.New → v1Headers → fiberAdapter.Handle
DELETE /api/v1/toolsets/:toolset_id                   cors.New → v1Headers → fiberAdapter.Handle
DELETE /api/v1/toolsets/:toolset_id/resources/:resource_id cors.New → v1Headers → fiberAdapter.Handle
DELETE /api/v1/toolsets/:toolset_id/uploads/:upload_id cors.New → v1Headers → fiberAdapter.Handle
DELETE /api/v1/topics/:topic_id/best-answer           cors.New → v1Headers → fiberAdapter.Handle
DELETE /api/v1/topics/:topic_id/favorite              cors.New → v1Headers → fiberAdapter.Handle
DELETE /api/v1/topics/:topic_id/pinned-reply          cors.New → v1Headers → fiberAdapter.Handle
DELETE /api/v1/topics/:topic_id/reactions/:reaction   cors.New → v1Headers → fiberAdapter.Handle
DELETE /api/v1/update-logs/:update_log_id             cors.New → v1Headers → fiberAdapter.Handle
DELETE /api/v1/wall-comments/:wall_comment_id         cors.New → v1Headers → fiberAdapter.Handle
DELETE /api/v1/wall-comments/:wall_comment_id/like    cors.New → v1Headers → fiberAdapter.Handle
DELETE /api/v1/websites/:website_host/favorite        cors.New → v1Headers → fiberAdapter.Handle
DELETE /api/v1/websites/:website_host/like            cors.New → v1Headers → fiberAdapter.Handle
DELETE /api/v1/works/:work_id/like                    cors.New → v1Headers → fiberAdapter.Handle
DELETE /api/v1/works/:work_id/resource-publish-ban    cors.New → v1Headers → fiberAdapter.Handle
GET    /api/admin/galgame/submissions                 cors.New → middleware.NamePreference → ContentStance → OptionalAuth → Auth → RequirePermission → ClaimReviewHandler.PendingQueue
GET    /api/admin/user/:id/content-stats              cors.New → middleware.NamePreference → ContentStance → OptionalAuth → Auth → RequirePermission → PurgeHandler.GetUserContentStats
GET    /api/galgame-edit/mine                         cors.New → middleware.NamePreference → ContentStance → OptionalAuth → Auth → EditHandler.Mine
GET    /api/galgame-edit/proposals/:id                cors.New → middleware.NamePreference → ContentStance → OptionalAuth → Auth → EditHandler.ProposalDetail
GET    /api/galgame-edit/queue                        cors.New → middleware.NamePreference → ContentStance → OptionalAuth → Auth → RequireModerator → EditHandler.Queue
GET    /api/galgame/:id/collections/mine              cors.New → middleware.NamePreference → ContentStance → OptionalAuth → Auth → GalgameCollectionHandler.MyCollectionsForGalgame
GET    /api/galgame/:id/edit/bootstrap                cors.New → middleware.NamePreference → ContentStance → OptionalAuth → Auth → EditHandler.Bootstrap
GET    /api/galgame/:id/edit/diff                     cors.New → middleware.NamePreference → ContentStance → EditHandler.Diff
GET    /api/galgame/:id/edit/proposals                cors.New → middleware.NamePreference → ContentStance → EditHandler.GameProposals
GET    /api/galgame/:id/edit/revisions                cors.New → middleware.NamePreference → ContentStance → OptionalAuth → EditHandler.Revisions
GET    /api/galgame/audited                           cors.New → middleware.NamePreference → ContentStance → Auth → RequirePermission → SubmissionHandler.ListAudit
GET    /api/galgame/collection/:cid                   cors.New → middleware.NamePreference → ContentStance → OptionalAuth → GalgameCollectionHandler.GetDetail
GET    /api/galgame/mine                              cors.New → middleware.NamePreference → ContentStance → Auth → SubmissionHandler.ListMine
GET    /api/galgame/playtime/mine                     cors.New → middleware.NamePreference → ContentStance → OptionalAuth → Auth → PlaytimeHandler.ListMine
GET    /api/galgame/search/wizard                     cors.New → middleware.NamePreference → ContentStance → Auth → SubmissionHandler.SearchWithPending
GET    /api/user/:id/collections                      cors.New → middleware.NamePreference → ContentStance → OptionalAuth → GalgameCollectionHandler.GetUserCollections
GET    /api/v1/activities                             cors.New → v1Headers → fiberAdapter.Handle
GET    /api/v1/admin/docs/:doc_id                     cors.New → v1Headers → fiberAdapter.Handle
GET    /api/v1/admin/friend-links/:friend_link_id     cors.New → v1Headers → fiberAdapter.Handle
GET    /api/v1/admin/hidden-topics                    cors.New → v1Headers → fiberAdapter.Handle
GET    /api/v1/admin/overview                         cors.New → v1Headers → fiberAdapter.Handle
GET    /api/v1/admin/overview/daily                   cors.New → v1Headers → fiberAdapter.Handle
GET    /api/v1/admin/permission-changes               cors.New → v1Headers → fiberAdapter.Handle
GET    /api/v1/admin/review-items                     cors.New → v1Headers → fiberAdapter.Handle
GET    /api/v1/admin/review-items/:review_item_id     cors.New → v1Headers → fiberAdapter.Handle
GET    /api/v1/admin/role-permissions                 cors.New → v1Headers → fiberAdapter.Handle
GET    /api/v1/admin/topics/:topic_id                 cors.New → v1Headers → fiberAdapter.Handle
GET    /api/v1/admin/user-permissions/:user_id        cors.New → v1Headers → fiberAdapter.Handle
GET    /api/v1/admin/website-categories/:website_category_id cors.New → v1Headers → fiberAdapter.Handle
GET    /api/v1/admin/website-tag-groups/:website_tag_group_id cors.New → v1Headers → fiberAdapter.Handle
GET    /api/v1/admin/website-tags/:website_tag_id     cors.New → v1Headers → fiberAdapter.Handle
GET    /api/v1/admin/websites/:website_id             cors.New → v1Headers → fiberAdapter.Handle
GET    /api/v1/app/version                            cors.New → v1Headers → fiberAdapter.Handle
GET    /api/v1/characters                             cors.New → v1Headers → fiberAdapter.Handle
GET    /api/v1/characters/:character_id               cors.New → v1Headers → fiberAdapter.Handle
GET    /api/v1/characters/:character_id/appearances   cors.New → v1Headers → fiberAdapter.Handle
GET    /api/v1/comments/:comment_id                   cors.New → v1Headers → fiberAdapter.Handle
GET    /api/v1/comments/:comment_id/source            cors.New → v1Headers → fiberAdapter.Handle
GET    /api/v1/companies                              cors.New → v1Headers → fiberAdapter.Handle
GET    /api/v1/companies/:company_id                  cors.New → v1Headers → fiberAdapter.Handle
GET    /api/v1/companies/:company_id/graph            cors.New → v1Headers → fiberAdapter.Handle
GET    /api/v1/companies/:company_id/works            cors.New → v1Headers → fiberAdapter.Handle
GET    /api/v1/credit-names                           cors.New → v1Headers → fiberAdapter.Handle
GET    /api/v1/credit-names/:credit_name_id           cors.New → v1Headers → fiberAdapter.Handle
GET    /api/v1/credit-names/:credit_name_id/credits   cors.New → v1Headers → fiberAdapter.Handle
GET    /api/v1/docs                                   cors.New → v1Headers → fiberAdapter.Handle
GET    /api/v1/docs/:doc_slug                         cors.New → v1Headers → fiberAdapter.Handle
GET    /api/v1/engines                                cors.New → v1Headers → fiberAdapter.Handle
GET    /api/v1/engines/:engine_id                     cors.New → v1Headers → fiberAdapter.Handle
GET    /api/v1/engines/:engine_id/works               cors.New → v1Headers → fiberAdapter.Handle
GET    /api/v1/friend-links                           cors.New → v1Headers → fiberAdapter.Handle
GET    /api/v1/galgame-resources                      cors.New → v1Headers → fiberAdapter.Handle
GET    /api/v1/galgame-resources/:resource_id         cors.New → v1Headers → fiberAdapter.Handle
GET    /api/v1/galgame-resources/:resource_id/source  cors.New → v1Headers → fiberAdapter.Handle
GET    /api/v1/library-works                          cors.New → v1Headers → fiberAdapter.Handle
GET    /api/v1/lotteries/:lottery_id                  cors.New → v1Headers → fiberAdapter.Handle
GET    /api/v1/lotteries/:lottery_id/entries          cors.New → v1Headers → fiberAdapter.Handle
GET    /api/v1/lotteries/:lottery_id/winners/:winner_id cors.New → v1Headers → fiberAdapter.Handle
GET    /api/v1/me                                     cors.New → v1Headers → fiberAdapter.Handle
GET    /api/v1/me/account                             cors.New → v1Headers → fiberAdapter.Handle
GET    /api/v1/me/answered-quizzes                    cors.New → v1Headers → fiberAdapter.Handle
GET    /api/v1/me/conversations                       cors.New → v1Headers → fiberAdapter.Handle
GET    /api/v1/me/conversations/:user_id              cors.New → v1Headers → fiberAdapter.Handle
GET    /api/v1/me/conversations/:user_id/messages     cors.New → v1Headers → fiberAdapter.Handle
GET    /api/v1/me/conversations/:user_id/messages/:message_id cors.New → v1Headers → fiberAdapter.Handle
GET    /api/v1/me/creator-status                      cors.New → v1Headers → fiberAdapter.Handle
GET    /api/v1/me/moemoepoint-entries                 cors.New → v1Headers → fiberAdapter.Handle
GET    /api/v1/me/notification-preferences            cors.New → v1Headers → fiberAdapter.Handle
GET    /api/v1/me/notifications                       cors.New → v1Headers → fiberAdapter.Handle
GET    /api/v1/me/notifications/:notification_id      cors.New → v1Headers → fiberAdapter.Handle
GET    /api/v1/me/notifications/summary               cors.New → v1Headers → fiberAdapter.Handle
GET    /api/v1/me/permissions                         cors.New → v1Headers → fiberAdapter.Handle
GET    /api/v1/me/preferences                         cors.New → v1Headers → fiberAdapter.Handle
GET    /api/v1/me/quiz-states                         cors.New → v1Headers → fiberAdapter.Handle
GET    /api/v1/me/topic-drafts                        cors.New → v1Headers → fiberAdapter.Handle
GET    /api/v1/me/topic-drafts/:draft_id              cors.New → v1Headers → fiberAdapter.Handle
GET    /api/v1/me/topic-states                        cors.New → v1Headers → fiberAdapter.Handle
GET    /api/v1/me/walls                               cors.New → v1Headers → fiberAdapter.Handle
GET    /api/v1/me/walls/:subject_type/:subject_id     cors.New → v1Headers → fiberAdapter.Handle
GET    /api/v1/me/work-states                         cors.New → v1Headers → fiberAdapter.Handle
GET    /api/v1/news-archive                           cors.New → v1Headers → fiberAdapter.Handle
GET    /api/v1/news-archive/:year/:month              cors.New → v1Headers → fiberAdapter.Handle
GET    /api/v1/news-archive/:year/:month/items        cors.New → v1Headers → fiberAdapter.Handle
GET    /api/v1/news-items                             cors.New → v1Headers → fiberAdapter.Handle
GET    /api/v1/news-sources                           cors.New → v1Headers → fiberAdapter.Handle
GET    /api/v1/polls/:poll_id                         cors.New → v1Headers → fiberAdapter.Handle
GET    /api/v1/polls/:poll_id/votes                   cors.New → v1Headers → fiberAdapter.Handle
GET    /api/v1/problems                               cors.New → v1Headers → fiberAdapter.Handle
GET    /api/v1/problems/reasons                       cors.New → v1Headers → fiberAdapter.Handle
GET    /api/v1/quizzes                                cors.New → v1Headers → fiberAdapter.Handle
GET    /api/v1/quizzes/:quiz_id                       cors.New → v1Headers → fiberAdapter.Handle
GET    /api/v1/quizzes/:quiz_id/answers               cors.New → v1Headers → fiberAdapter.Handle
GET    /api/v1/quizzes/:quiz_id/source                cors.New → v1Headers → fiberAdapter.Handle
GET    /api/v1/rankings/topics                        cors.New → v1Headers → fiberAdapter.Handle
GET    /api/v1/rankings/users                         cors.New → v1Headers → fiberAdapter.Handle
GET    /api/v1/rankings/works                         cors.New → v1Headers → fiberAdapter.Handle
GET    /api/v1/ratings                                cors.New → v1Headers → fiberAdapter.Handle
GET    /api/v1/ratings/:rating_id                     cors.New → v1Headers → fiberAdapter.Handle
GET    /api/v1/release-calendar                       cors.New → v1Headers → fiberAdapter.Handle
GET    /api/v1/release-calendar/pending               cors.New → v1Headers → fiberAdapter.Handle
GET    /api/v1/release-calendar/tba                   cors.New → v1Headers → fiberAdapter.Handle
GET    /api/v1/release-calendar/today                 cors.New → v1Headers → fiberAdapter.Handle
GET    /api/v1/release-calendar/upcoming              cors.New → v1Headers → fiberAdapter.Handle
GET    /api/v1/replies/:reply_id                      cors.New → v1Headers → fiberAdapter.Handle
GET    /api/v1/replies/:reply_id/reactions            cors.New → v1Headers → fiberAdapter.Handle
GET    /api/v1/replies/:reply_id/source               cors.New → v1Headers → fiberAdapter.Handle
GET    /api/v1/report-reasons                         cors.New → v1Headers → fiberAdapter.Handle
GET    /api/v1/search/comments                        cors.New → v1Headers → fiberAdapter.Handle
GET    /api/v1/search/replies                         cors.New → v1Headers → fiberAdapter.Handle
GET    /api/v1/search/topics                          cors.New → v1Headers → fiberAdapter.Handle
GET    /api/v1/search/users                           cors.New → v1Headers → fiberAdapter.Handle
GET    /api/v1/search/wall-comments                   cors.New → v1Headers → fiberAdapter.Handle
GET    /api/v1/search/works                           cors.New → v1Headers → fiberAdapter.Handle
GET    /api/v1/sections                               cors.New → v1Headers → fiberAdapter.Handle
GET    /api/v1/series                                 cors.New → v1Headers → fiberAdapter.Handle
GET    /api/v1/series/:series_id                      cors.New → v1Headers → fiberAdapter.Handle
GET    /api/v1/series/:series_id/works                cors.New → v1Headers → fiberAdapter.Handle
GET    /api/v1/tagged-works                           cors.New → v1Headers → fiberAdapter.Handle
GET    /api/v1/tags                                   cors.New → v1Headers → fiberAdapter.Handle
GET    /api/v1/tags/:tag_id                           cors.New → v1Headers → fiberAdapter.Handle
GET    /api/v1/tags/:tag_id/works                     cors.New → v1Headers → fiberAdapter.Handle
GET    /api/v1/todos                                  cors.New → v1Headers → fiberAdapter.Handle
GET    /api/v1/todos/:todo_id                         cors.New → v1Headers → fiberAdapter.Handle
GET    /api/v1/toolsets                               cors.New → v1Headers → fiberAdapter.Handle
GET    /api/v1/toolsets/:toolset_id                   cors.New → v1Headers → fiberAdapter.Handle
GET    /api/v1/toolsets/:toolset_id/resources/:resource_id cors.New → v1Headers → fiberAdapter.Handle
GET    /api/v1/toolsets/:toolset_id/resources/:resource_id/source cors.New → v1Headers → fiberAdapter.Handle
GET    /api/v1/toolsets/:toolset_id/source            cors.New → v1Headers → fiberAdapter.Handle
GET    /api/v1/toolsets/:toolset_id/uploads/:upload_id cors.New → v1Headers → fiberAdapter.Handle
GET    /api/v1/topics                                 cors.New → v1Headers → fiberAdapter.Handle
GET    /api/v1/topics/:topic_id                       cors.New → v1Headers → fiberAdapter.Handle
GET    /api/v1/topics/:topic_id/lotteries             cors.New → v1Headers → fiberAdapter.Handle
GET    /api/v1/topics/:topic_id/polls                 cors.New → v1Headers → fiberAdapter.Handle
GET    /api/v1/topics/:topic_id/reactions             cors.New → v1Headers → fiberAdapter.Handle
GET    /api/v1/topics/:topic_id/replies               cors.New → v1Headers → fiberAdapter.Handle
GET    /api/v1/topics/:topic_id/source                cors.New → v1Headers → fiberAdapter.Handle
GET    /api/v1/topics/:topic_id/upvotes               cors.New → v1Headers → fiberAdapter.Handle
GET    /api/v1/update-logs                            cors.New → v1Headers → fiberAdapter.Handle
GET    /api/v1/update-logs/:update_log_id             cors.New → v1Headers → fiberAdapter.Handle
GET    /api/v1/users                                  cors.New → v1Headers → fiberAdapter.Handle
GET    /api/v1/users/:user_id                         cors.New → v1Headers → fiberAdapter.Handle
GET    /api/v1/users/:user_id/comments                cors.New → v1Headers → fiberAdapter.Handle
GET    /api/v1/users/:user_id/galgame-resources       cors.New → v1Headers → fiberAdapter.Handle
GET    /api/v1/users/:user_id/replies                 cors.New → v1Headers → fiberAdapter.Handle
GET    /api/v1/users/:user_id/toolsets                cors.New → v1Headers → fiberAdapter.Handle
GET    /api/v1/users/:user_id/topics                  cors.New → v1Headers → fiberAdapter.Handle
GET    /api/v1/users/:user_id/wall-comments           cors.New → v1Headers → fiberAdapter.Handle
GET    /api/v1/users/:user_id/works                   cors.New → v1Headers → fiberAdapter.Handle
GET    /api/v1/wall-comments                          cors.New → v1Headers → fiberAdapter.Handle
GET    /api/v1/wall-comments/:wall_comment_id         cors.New → v1Headers → fiberAdapter.Handle
GET    /api/v1/wall-comments/:wall_comment_id/source  cors.New → v1Headers → fiberAdapter.Handle
GET    /api/v1/website-categories                     cors.New → v1Headers → fiberAdapter.Handle
GET    /api/v1/website-categories/:website_category_slug cors.New → v1Headers → fiberAdapter.Handle
GET    /api/v1/website-tag-groups                     cors.New → v1Headers → fiberAdapter.Handle
GET    /api/v1/website-tags                           cors.New → v1Headers → fiberAdapter.Handle
GET    /api/v1/website-tags/:website_tag_slug         cors.New → v1Headers → fiberAdapter.Handle
GET    /api/v1/websites                               cors.New → v1Headers → fiberAdapter.Handle
GET    /api/v1/websites/:website_host                 cors.New → v1Headers → fiberAdapter.Handle
GET    /api/v1/wiki-company-redirects/:wiki_company_id cors.New → v1Headers → fiberAdapter.Handle
GET    /api/v1/work-suggestions                       cors.New → v1Headers → fiberAdapter.Handle
GET    /api/v1/works                                  cors.New → v1Headers → fiberAdapter.Handle
GET    /api/v1/works/:work_id                         cors.New → v1Headers → fiberAdapter.Handle
GET    /api/v1/works/:work_id/moyu-patches            cors.New → v1Headers → fiberAdapter.Handle
GET    /api/v1/works/:work_id/resources               cors.New → v1Headers → fiberAdapter.Handle
GET    /api/v1/works/collected-months                 cors.New → v1Headers → fiberAdapter.Handle
GET    /healthz                                       cors.New → App.setupRoutes
PATCH  /api/galgame/collection/:cid                   cors.New → middleware.NamePreference → ContentStance → OptionalAuth → Auth → GalgameCollectionHandler.Update
PATCH  /api/v1/admin/docs/:doc_id                     cors.New → v1Headers → fiberAdapter.Handle
PATCH  /api/v1/admin/friend-links/:friend_link_id     cors.New → v1Headers → fiberAdapter.Handle
PATCH  /api/v1/admin/review-items/:review_item_id     cors.New → v1Headers → fiberAdapter.Handle
PATCH  /api/v1/admin/role-permissions                 cors.New → v1Headers → fiberAdapter.Handle
PATCH  /api/v1/admin/website-categories/:website_category_id cors.New → v1Headers → fiberAdapter.Handle
PATCH  /api/v1/admin/website-tag-groups/:website_tag_group_id cors.New → v1Headers → fiberAdapter.Handle
PATCH  /api/v1/admin/website-tags/:website_tag_id     cors.New → v1Headers → fiberAdapter.Handle
PATCH  /api/v1/admin/websites/:website_id             cors.New → v1Headers → fiberAdapter.Handle
PATCH  /api/v1/comments/:comment_id                   cors.New → v1Headers → fiberAdapter.Handle
PATCH  /api/v1/galgame-resources/:resource_id         cors.New → v1Headers → fiberAdapter.Handle
PATCH  /api/v1/lotteries/:lottery_id                  cors.New → v1Headers → fiberAdapter.Handle
PATCH  /api/v1/lotteries/:lottery_id/winners/:winner_id cors.New → v1Headers → fiberAdapter.Handle
PATCH  /api/v1/me/conversations/:user_id/messages/:message_id cors.New → v1Headers → fiberAdapter.Handle
PATCH  /api/v1/me/profile                             cors.New → v1Headers → fiberAdapter.Handle
PATCH  /api/v1/polls/:poll_id                         cors.New → v1Headers → fiberAdapter.Handle
PATCH  /api/v1/quizzes/:quiz_id                       cors.New → v1Headers → fiberAdapter.Handle
PATCH  /api/v1/ratings/:rating_id                     cors.New → v1Headers → fiberAdapter.Handle
PATCH  /api/v1/replies/:reply_id                      cors.New → v1Headers → fiberAdapter.Handle
PATCH  /api/v1/todos/:todo_id                         cors.New → v1Headers → fiberAdapter.Handle
PATCH  /api/v1/toolsets/:toolset_id                   cors.New → v1Headers → fiberAdapter.Handle
PATCH  /api/v1/toolsets/:toolset_id/resources/:resource_id cors.New → v1Headers → fiberAdapter.Handle
PATCH  /api/v1/toolsets/:toolset_id/uploads/:upload_id cors.New → v1Headers → fiberAdapter.Handle
PATCH  /api/v1/topics/:topic_id                       cors.New → v1Headers → fiberAdapter.Handle
PATCH  /api/v1/update-logs/:update_log_id             cors.New → v1Headers → fiberAdapter.Handle
PATCH  /api/v1/wall-comments/:wall_comment_id         cors.New → v1Headers → fiberAdapter.Handle
POST   /api/admin/galgame/:id/review                  cors.New → middleware.NamePreference → ContentStance → OptionalAuth → Auth → RequirePermission → ClaimReviewHandler.Review
POST   /api/auth/logout                               cors.New → middleware.NamePreference → ContentStance → OAuthHandler.Logout
POST   /api/auth/oauth/callback                       cors.New → middleware.NamePreference → ContentStance → OAuthHandler.Callback
POST   /api/galgame-edit/proposals/:id/amend          cors.New → middleware.NamePreference → ContentStance → OptionalAuth → Auth → EditHandler.Amend
POST   /api/galgame-edit/proposals/:id/decline        cors.New → middleware.NamePreference → ContentStance → OptionalAuth → Auth → EditHandler.Decline
POST   /api/galgame-edit/proposals/:id/merge          cors.New → middleware.NamePreference → ContentStance → OptionalAuth → Auth → EditHandler.Merge
POST   /api/galgame-edit/proposals/:id/withdraw       cors.New → middleware.NamePreference → ContentStance → OptionalAuth → Auth → EditHandler.Withdraw
POST   /api/galgame/:id/edit/proposals                cors.New → middleware.NamePreference → ContentStance → OptionalAuth → Auth → EditHandler.Submit
POST   /api/galgame/:id/edit/revert                   cors.New → middleware.NamePreference → ContentStance → OptionalAuth → Auth → EditHandler.Revert
POST   /api/galgame/:id/resubmit                      cors.New → middleware.NamePreference → ContentStance → OptionalAuth → Auth → SubmissionHandler.Resubmit
POST   /api/galgame/collection                        cors.New → middleware.NamePreference → ContentStance → OptionalAuth → Auth → GalgameCollectionHandler.Create
POST   /api/galgame/submit                            cors.New → middleware.NamePreference → ContentStance → OptionalAuth → Auth → SubmissionHandler.Submit
POST   /api/trust/callback                            cors.New → middleware.NamePreference → ContentStance → TrustHandler.Callback
POST   /api/v1/admin/docs                             cors.New → v1Headers → fiberAdapter.Handle
POST   /api/v1/admin/friend-links                     cors.New → v1Headers → fiberAdapter.Handle
POST   /api/v1/admin/website-categories               cors.New → v1Headers → fiberAdapter.Handle
POST   /api/v1/admin/website-tag-groups               cors.New → v1Headers → fiberAdapter.Handle
POST   /api/v1/admin/website-tags                     cors.New → v1Headers → fiberAdapter.Handle
POST   /api/v1/admin/websites                         cors.New → v1Headers → fiberAdapter.Handle
POST   /api/v1/galgame-resources/:resource_id/downloads cors.New → v1Headers → fiberAdapter.Handle
POST   /api/v1/galgame-resources/:resource_id/expiry-reports cors.New → v1Headers → fiberAdapter.Handle
POST   /api/v1/images                                 cors.New → v1Headers → fiberAdapter.Handle
POST   /api/v1/lotteries/:lottery_id/code-reveals     cors.New → v1Headers → fiberAdapter.Handle
POST   /api/v1/me/check-ins                           cors.New → v1Headers → fiberAdapter.Handle
POST   /api/v1/me/conversations/:user_id/messages     cors.New → v1Headers → fiberAdapter.Handle
POST   /api/v1/me/creator-applications                cors.New → v1Headers → fiberAdapter.Handle
POST   /api/v1/me/topic-drafts                        cors.New → v1Headers → fiberAdapter.Handle
POST   /api/v1/quizzes                                cors.New → v1Headers → fiberAdapter.Handle
POST   /api/v1/quizzes/:quiz_id/answers               cors.New → v1Headers → fiberAdapter.Handle
POST   /api/v1/ratings                                cors.New → v1Headers → fiberAdapter.Handle
POST   /api/v1/replies/:reply_id/comments             cors.New → v1Headers → fiberAdapter.Handle
POST   /api/v1/reports                                cors.New → v1Headers → fiberAdapter.Handle
POST   /api/v1/todos                                  cors.New → v1Headers → fiberAdapter.Handle
POST   /api/v1/toolsets                               cors.New → v1Headers → fiberAdapter.Handle
POST   /api/v1/toolsets/:toolset_id/resources         cors.New → v1Headers → fiberAdapter.Handle
POST   /api/v1/toolsets/:toolset_id/resources/:resource_id/downloads cors.New → v1Headers → fiberAdapter.Handle
POST   /api/v1/toolsets/:toolset_id/uploads           cors.New → v1Headers → fiberAdapter.Handle
POST   /api/v1/topics                                 cors.New → v1Headers → fiberAdapter.Handle
POST   /api/v1/topics/:topic_id/lotteries             cors.New → v1Headers → fiberAdapter.Handle
POST   /api/v1/topics/:topic_id/polls                 cors.New → v1Headers → fiberAdapter.Handle
POST   /api/v1/topics/:topic_id/replies               cors.New → v1Headers → fiberAdapter.Handle
POST   /api/v1/topics/:topic_id/upvotes               cors.New → v1Headers → fiberAdapter.Handle
POST   /api/v1/topics/:topic_id/views                 cors.New → v1Headers → fiberAdapter.Handle
POST   /api/v1/update-logs                            cors.New → v1Headers → fiberAdapter.Handle
POST   /api/v1/wall-comments                          cors.New → v1Headers → fiberAdapter.Handle
POST   /api/v1/wall-comments/:wall_comment_id/flags   cors.New → v1Headers → fiberAdapter.Handle
POST   /api/v1/work-edit-images                       cors.New → v1Headers → fiberAdapter.Handle
POST   /api/v1/works/:work_id/resources               cors.New → v1Headers → fiberAdapter.Handle
PUT    /api/galgame/:id/collections                   cors.New → middleware.NamePreference → ContentStance → OptionalAuth → Auth → GalgameCollectionHandler.SetMembership
PUT    /api/galgame/:id/cover/:coverId/vote           cors.New → middleware.NamePreference → ContentStance → OptionalAuth → Auth → CoverVoteHandler.Vote
PUT    /api/galgame/:id/playtime                      cors.New → middleware.NamePreference → ContentStance → OptionalAuth → Auth → PlaytimeHandler.Report
PUT    /api/v1/admin/doc-order                        cors.New → v1Headers → fiberAdapter.Handle
PUT    /api/v1/admin/friend-link-order                cors.New → v1Headers → fiberAdapter.Handle
PUT    /api/v1/admin/user-permissions/:user_id        cors.New → v1Headers → fiberAdapter.Handle
PUT    /api/v1/comments/:comment_id/like              cors.New → v1Headers → fiberAdapter.Handle
PUT    /api/v1/galgame-resources/:resource_id/like    cors.New → v1Headers → fiberAdapter.Handle
PUT    /api/v1/lotteries/:lottery_id/entries/me       cors.New → v1Headers → fiberAdapter.Handle
PUT    /api/v1/me/avatar                              cors.New → v1Headers → fiberAdapter.Handle
PUT    /api/v1/me/conversations/:user_id/read-marker  cors.New → v1Headers → fiberAdapter.Handle
PUT    /api/v1/me/notification-preferences            cors.New → v1Headers → fiberAdapter.Handle
PUT    /api/v1/me/notifications/read-marker           cors.New → v1Headers → fiberAdapter.Handle
PUT    /api/v1/me/nsfw-display                        cors.New → v1Headers → fiberAdapter.Handle
PUT    /api/v1/me/preferences                         cors.New → v1Headers → fiberAdapter.Handle
PUT    /api/v1/me/walls/:subject_type/:subject_id/follow cors.New → v1Headers → fiberAdapter.Handle
PUT    /api/v1/me/walls/:subject_type/:subject_id/read-marker cors.New → v1Headers → fiberAdapter.Handle
PUT    /api/v1/polls/:poll_id/vote                    cors.New → v1Headers → fiberAdapter.Handle
PUT    /api/v1/quizzes/:quiz_id/favorite              cors.New → v1Headers → fiberAdapter.Handle
PUT    /api/v1/quizzes/:quiz_id/quality-rating        cors.New → v1Headers → fiberAdapter.Handle
PUT    /api/v1/ratings/:rating_id/like                cors.New → v1Headers → fiberAdapter.Handle
PUT    /api/v1/replies/:reply_id/reactions/:reaction  cors.New → v1Headers → fiberAdapter.Handle
PUT    /api/v1/toolsets/:toolset_id/practicality      cors.New → v1Headers → fiberAdapter.Handle
PUT    /api/v1/topics/:topic_id/best-answer           cors.New → v1Headers → fiberAdapter.Handle
PUT    /api/v1/topics/:topic_id/favorite              cors.New → v1Headers → fiberAdapter.Handle
PUT    /api/v1/topics/:topic_id/pinned-reply          cors.New → v1Headers → fiberAdapter.Handle
PUT    /api/v1/topics/:topic_id/reactions/:reaction   cors.New → v1Headers → fiberAdapter.Handle
PUT    /api/v1/wall-comments/:wall_comment_id/like    cors.New → v1Headers → fiberAdapter.Handle
PUT    /api/v1/websites/:website_host/favorite        cors.New → v1Headers → fiberAdapter.Handle
PUT    /api/v1/websites/:website_host/like            cors.New → v1Headers → fiberAdapter.Handle
PUT    /api/v1/works/:work_id/like                    cors.New → v1Headers → fiberAdapter.Handle
PUT    /api/v1/works/:work_id/resource-publish-ban    cors.New → v1Headers → fiberAdapter.Handle
