DELETE /api/admin/friend-link                         cors.New → middleware.NamePreference → ContentStance → OptionalAuth → Auth → RequirePermission → FriendLinkHandler.Delete
DELETE /api/admin/user/:id/content                    cors.New → middleware.NamePreference → ContentStance → OptionalAuth → Auth → RequirePermission → PurgeHandler.PurgeUserContent
DELETE /api/doc/article                               cors.New → middleware.NamePreference → ContentStance → OptionalAuth → Auth → RequirePermission → ArticleHandler.DeleteArticle
DELETE /api/doc/category                              cors.New → middleware.NamePreference → ContentStance → OptionalAuth → Auth → RequirePermission → CategoryHandler.DeleteCategory
DELETE /api/doc/tag                                   cors.New → middleware.NamePreference → ContentStance → OptionalAuth → Auth → RequirePermission → TagHandler.DeleteTag
DELETE /api/galgame-quiz/:id                          cors.New → middleware.NamePreference → ContentStance → OptionalAuth → Auth → QuizHandler.DeleteQuiz
DELETE /api/galgame-rating/:id                        cors.New → middleware.NamePreference → ContentStance → OptionalAuth → Auth → RatingHandler.DeleteRating
DELETE /api/galgame/:gid                              cors.New → middleware.NamePreference → ContentStance → OptionalAuth → Auth → SubmissionHandler.Withdraw
DELETE /api/galgame/:gid/cover/:coverId/vote          cors.New → middleware.NamePreference → ContentStance → OptionalAuth → Auth → CoverVoteHandler.Unvote
DELETE /api/galgame/:gid/draft                        cors.New → middleware.NamePreference → ContentStance → OptionalAuth → Auth → SubmissionHandler.DeleteDraft
DELETE /api/galgame/:gid/resource                     cors.New → middleware.NamePreference → ContentStance → OptionalAuth → Auth → ResourceHandler.DeleteResource
DELETE /api/galgame/collection/:cid                   cors.New → middleware.NamePreference → ContentStance → OptionalAuth → Auth → GalgameCollectionHandler.Delete
DELETE /api/toolset/:id                               cors.New → middleware.NamePreference → ContentStance → OptionalAuth → Auth → ToolsetHandler.Delete
DELETE /api/toolset/:id/resource                      cors.New → middleware.NamePreference → ContentStance → OptionalAuth → Auth → ResourceHandler.DeleteResource
DELETE /api/v1/admin/topics/:topic_id                 cors.New → v1Headers → fiberAdapter.Handle
DELETE /api/v1/admin/website-categories/:website_category_id cors.New → v1Headers → fiberAdapter.Handle
DELETE /api/v1/admin/website-tag-groups/:website_tag_group_id cors.New → v1Headers → fiberAdapter.Handle
DELETE /api/v1/admin/website-tags/:website_tag_id     cors.New → v1Headers → fiberAdapter.Handle
DELETE /api/v1/admin/websites/:website_id             cors.New → v1Headers → fiberAdapter.Handle
DELETE /api/v1/comments/:comment_id                   cors.New → v1Headers → fiberAdapter.Handle
DELETE /api/v1/comments/:comment_id/like              cors.New → v1Headers → fiberAdapter.Handle
DELETE /api/v1/lotteries/:lottery_id                  cors.New → v1Headers → fiberAdapter.Handle
DELETE /api/v1/lotteries/:lottery_id/entries/me       cors.New → v1Headers → fiberAdapter.Handle
DELETE /api/v1/me/notifications/:notification_id      cors.New → v1Headers → fiberAdapter.Handle
DELETE /api/v1/me/topic-drafts/:draft_id              cors.New → v1Headers → fiberAdapter.Handle
DELETE /api/v1/polls/:poll_id                         cors.New → v1Headers → fiberAdapter.Handle
DELETE /api/v1/polls/:poll_id/vote                    cors.New → v1Headers → fiberAdapter.Handle
DELETE /api/v1/replies/:reply_id                      cors.New → v1Headers → fiberAdapter.Handle
DELETE /api/v1/replies/:reply_id/reactions/:reaction  cors.New → v1Headers → fiberAdapter.Handle
DELETE /api/v1/todos/:todo_id                         cors.New → v1Headers → fiberAdapter.Handle
DELETE /api/v1/topics/:topic_id/best-answer           cors.New → v1Headers → fiberAdapter.Handle
DELETE /api/v1/topics/:topic_id/favorite              cors.New → v1Headers → fiberAdapter.Handle
DELETE /api/v1/topics/:topic_id/pinned-reply          cors.New → v1Headers → fiberAdapter.Handle
DELETE /api/v1/topics/:topic_id/reactions/:reaction   cors.New → v1Headers → fiberAdapter.Handle
DELETE /api/v1/update-logs/:update_log_id             cors.New → v1Headers → fiberAdapter.Handle
DELETE /api/v1/wall-comments/:wall_comment_id         cors.New → v1Headers → fiberAdapter.Handle
DELETE /api/v1/wall-comments/:wall_comment_id/like    cors.New → v1Headers → fiberAdapter.Handle
DELETE /api/v1/websites/:website_host/favorite        cors.New → v1Headers → fiberAdapter.Handle
DELETE /api/v1/websites/:website_host/like            cors.New → v1Headers → fiberAdapter.Handle
GET    /api/activity                                  cors.New → middleware.NamePreference → ContentStance → ActivityHandler.GetActivity
GET    /api/activity/tab                              cors.New → middleware.NamePreference → ContentStance → ActivityHandler.GetTab
GET    /api/activity/timeline                         cors.New → middleware.NamePreference → ContentStance → ActivityHandler.GetTimeline
GET    /api/admin/doc/article                         cors.New → middleware.NamePreference → ContentStance → OptionalAuth → Auth → RequirePermission → ArticleHandler.GetAdminArticles
GET    /api/admin/galgame/submissions                 cors.New → middleware.NamePreference → ContentStance → OptionalAuth → Auth → RequirePermission → ClaimReviewHandler.PendingQueue
GET    /api/admin/overview/all                        cors.New → middleware.NamePreference → ContentStance → OptionalAuth → Auth → RequirePermission → OverviewHandler.GetOverview
GET    /api/admin/overview/stats                      cors.New → middleware.NamePreference → ContentStance → OptionalAuth → Auth → RequirePermission → OverviewHandler.GetStats
GET    /api/admin/user/:id/content-stats              cors.New → middleware.NamePreference → ContentStance → OptionalAuth → Auth → RequirePermission → PurgeHandler.GetUserContentStats
GET    /api/app/version                               cors.New → middleware.NamePreference → ContentStance → ReleaseHandler.GetVersion
GET    /api/auth/me                                   cors.New → middleware.NamePreference → ContentStance → OptionalAuth → Auth → OAuthHandler.Me
GET    /api/category                                  cors.New → middleware.NamePreference → ContentStance → SectionHandler.GetCategories
GET    /api/community/following                       cors.New → middleware.NamePreference → ContentStance → OptionalAuth → Auth → EngagementHandler.Following
GET    /api/doc/article                               cors.New → middleware.NamePreference → ContentStance → ArticleHandler.GetArticles
GET    /api/doc/article/:slug                         cors.New → middleware.NamePreference → ContentStance → ArticleHandler.GetArticleBySlug
GET    /api/doc/category                              cors.New → middleware.NamePreference → ContentStance → CategoryHandler.GetCategories
GET    /api/doc/tag                                   cors.New → middleware.NamePreference → ContentStance → TagHandler.GetTags
GET    /api/friend-link                               cors.New → middleware.NamePreference → ContentStance → FriendLinkHandler.List
GET    /api/galgame                                   cors.New → middleware.NamePreference → ContentStance → GalgameHandler.GetList
GET    /api/galgame-character/:id                     cors.New → middleware.NamePreference → ContentStance → EntityHandler.GetCharacterDetail
GET    /api/galgame-character/search                  cors.New → middleware.NamePreference → ContentStance → EntityHandler.SearchCharacters
GET    /api/galgame-edit/mine                         cors.New → middleware.NamePreference → ContentStance → OptionalAuth → Auth → EditHandler.Mine
GET    /api/galgame-edit/proposals/:id                cors.New → middleware.NamePreference → ContentStance → OptionalAuth → Auth → EditHandler.ProposalDetail
GET    /api/galgame-edit/queue                        cors.New → middleware.NamePreference → ContentStance → OptionalAuth → Auth → RequireModerator → EditHandler.Queue
GET    /api/galgame-engine                            cors.New → middleware.NamePreference → ContentStance → EntityHandler.GetEngineList
GET    /api/galgame-engine/:id                        cors.New → middleware.NamePreference → ContentStance → EntityHandler.GetEngineDetail
GET    /api/galgame-official                          cors.New → middleware.NamePreference → ContentStance → EntityHandler.GetOfficialList
GET    /api/galgame-official/:id                      cors.New → middleware.NamePreference → ContentStance → EntityHandler.GetOfficialDetail
GET    /api/galgame-official/:id/relation-graph       cors.New → middleware.NamePreference → ContentStance → EntityHandler.GetOfficialRelationGraph
GET    /api/galgame-official/legacy/:id               cors.New → middleware.NamePreference → ContentStance → EntityHandler.ResolveLegacyOfficial
GET    /api/galgame-official/search                   cors.New → middleware.NamePreference → ContentStance → EntityHandler.SearchOfficials
GET    /api/galgame-quiz/:id                          cors.New → middleware.NamePreference → ContentStance → OptionalAuth → QuizHandler.GetQuizPlay
GET    /api/galgame-quiz/:id/answers                  cors.New → middleware.NamePreference → ContentStance → OptionalAuth → QuizHandler.GetQuizAnswers
GET    /api/galgame-quiz/:id/edit                     cors.New → middleware.NamePreference → ContentStance → OptionalAuth → Auth → QuizHandler.GetQuizForEdit
GET    /api/galgame-quiz/all                          cors.New → middleware.NamePreference → ContentStance → OptionalAuth → QuizHandler.GetAllQuizzes
GET    /api/galgame-quiz/mine/answered                cors.New → middleware.NamePreference → ContentStance → OptionalAuth → Auth → QuizHandler.GetMyAnswered
GET    /api/galgame-quiz/mine/favorites               cors.New → middleware.NamePreference → ContentStance → OptionalAuth → Auth → QuizHandler.GetMyFavorites
GET    /api/galgame-rating/:id                        cors.New → middleware.NamePreference → ContentStance → OptionalAuth → RatingHandler.GetRatingDetail
GET    /api/galgame-rating/all                        cors.New → middleware.NamePreference → ContentStance → RatingHandler.GetAllRatings
GET    /api/galgame-resource                          cors.New → middleware.NamePreference → ContentStance → OptionalAuth → ResourceHandler.GetResourceList
GET    /api/galgame-resource/:id                      cors.New → middleware.NamePreference → ContentStance → OptionalAuth → ResourceHandler.GetResourceDetail
GET    /api/galgame-resource/:id/detail               cors.New → middleware.NamePreference → ContentStance → OptionalAuth → ResourceHandler.GetResourceDownloadDetail
GET    /api/galgame-series                            cors.New → middleware.NamePreference → ContentStance → EntityHandler.GetSeriesList
GET    /api/galgame-series/:id                        cors.New → middleware.NamePreference → ContentStance → EntityHandler.GetSeriesDetail
GET    /api/galgame-series/cards                      cors.New → middleware.NamePreference → ContentStance → EntityHandler.GetSeriesCards
GET    /api/galgame-staff/:id                         cors.New → middleware.NamePreference → ContentStance → EntityHandler.GetStaffDetail
GET    /api/galgame-staff/search                      cors.New → middleware.NamePreference → ContentStance → EntityHandler.SearchStaff
GET    /api/galgame-tag                               cors.New → middleware.NamePreference → ContentStance → EntityHandler.GetTagList
GET    /api/galgame-tag/:id                           cors.New → middleware.NamePreference → ContentStance → EntityHandler.GetTagDetail
GET    /api/galgame-tag/multi                         cors.New → middleware.NamePreference → ContentStance → EntityHandler.GetMultiTagGalgames
GET    /api/galgame-tag/search                        cors.New → middleware.NamePreference → ContentStance → EntityHandler.SearchTags
GET    /api/galgame/:gid                              cors.New → middleware.NamePreference → ContentStance → OptionalAuth → GalgameHandler.GetDetail
GET    /api/galgame/:gid/collections/mine             cors.New → middleware.NamePreference → ContentStance → OptionalAuth → Auth → GalgameCollectionHandler.MyCollectionsForGalgame
GET    /api/galgame/:gid/edit/bootstrap               cors.New → middleware.NamePreference → ContentStance → OptionalAuth → Auth → EditHandler.Bootstrap
GET    /api/galgame/:gid/edit/diff                    cors.New → middleware.NamePreference → ContentStance → EditHandler.Diff
GET    /api/galgame/:gid/edit/proposals               cors.New → middleware.NamePreference → ContentStance → EditHandler.GameProposals
GET    /api/galgame/:gid/edit/revisions               cors.New → middleware.NamePreference → ContentStance → OptionalAuth → EditHandler.Revisions
GET    /api/galgame/:gid/link/all                     cors.New → middleware.NamePreference → ContentStance → OptionalAuth → GalgameProxyHandler.GetGalgameLinks
GET    /api/galgame/:gid/resource/all                 cors.New → middleware.NamePreference → ContentStance → OptionalAuth → ResourceHandler.GetGalgameResources
GET    /api/galgame/audited                           cors.New → middleware.NamePreference → ContentStance → Auth → RequirePermission → SubmissionHandler.ListAudit
GET    /api/galgame/calendar                          cors.New → middleware.NamePreference → ContentStance → CalendarHandler.GetMonth
GET    /api/galgame/calendar/pending                  cors.New → middleware.NamePreference → ContentStance → CalendarHandler.GetPending
GET    /api/galgame/calendar/tba                      cors.New → middleware.NamePreference → ContentStance → CalendarHandler.GetTBA
GET    /api/galgame/calendar/today                    cors.New → middleware.NamePreference → ContentStance → CalendarHandler.GetToday
GET    /api/galgame/calendar/upcoming                 cors.New → middleware.NamePreference → ContentStance → CalendarHandler.GetUpcoming
GET    /api/galgame/collected-calendar                cors.New → middleware.NamePreference → ContentStance → GalgameHandler.CollectedCalendar
GET    /api/galgame/collection/:cid                   cors.New → middleware.NamePreference → ContentStance → OptionalAuth → GalgameCollectionHandler.GetDetail
GET    /api/galgame/drafts                            cors.New → middleware.NamePreference → ContentStance → DraftsHandler.GetDrafts
GET    /api/galgame/interactions/mine                 cors.New → middleware.NamePreference → ContentStance → OptionalAuth → Auth → GalgameHandler.MyInteractions
GET    /api/galgame/mine                              cors.New → middleware.NamePreference → ContentStance → Auth → SubmissionHandler.ListMine
GET    /api/galgame/playtime/mine                     cors.New → middleware.NamePreference → ContentStance → OptionalAuth → Auth → PlaytimeHandler.ListMine
GET    /api/galgame/search/picker                     cors.New → middleware.NamePreference → ContentStance → QuizHandler.SearchGalgames
GET    /api/galgame/search/wizard                     cors.New → middleware.NamePreference → ContentStance → Auth → SubmissionHandler.SearchWithPending
GET    /api/home                                      cors.New → middleware.NamePreference → ContentStance → HomeHandler.GetHome
GET    /api/news                                      cors.New → middleware.NamePreference → ContentStance → NewsHandler.GetFeed
GET    /api/news/archive                              cors.New → middleware.NamePreference → ContentStance → NewsHandler.GetArchive
GET    /api/news/month                                cors.New → middleware.NamePreference → ContentStance → NewsHandler.GetMonth
GET    /api/news/sources                              cors.New → middleware.NamePreference → ContentStance → NewsHandler.GetSources
GET    /api/ranking/galgame                           cors.New → middleware.NamePreference → ContentStance → RankingHandler.GetGalgameRanking
GET    /api/ranking/topic                             cors.New → middleware.NamePreference → ContentStance → RankingHandler.GetTopicRanking
GET    /api/ranking/user                              cors.New → middleware.NamePreference → ContentStance → RankingHandler.GetUserRanking
GET    /api/rss/galgame                               cors.New → middleware.NamePreference → ContentStance → RSSHandler.GetGalgameRSS
GET    /api/rss/topic                                 cors.New → middleware.NamePreference → ContentStance → RSSHandler.GetTopicRSS
GET    /api/search                                    cors.New → middleware.NamePreference → ContentStance → OptionalAuth → SearchHandler.Search
GET    /api/search/entity                             cors.New → middleware.NamePreference → ContentStance → OptionalAuth → SearchHandler.SearchEntities
GET    /api/search/entity/resolve                     cors.New → middleware.NamePreference → ContentStance → OptionalAuth → SearchHandler.ResolveEntities
GET    /api/search/gal-comment                        cors.New → middleware.NamePreference → ContentStance → OptionalAuth → SearchHandler.SearchGalComments
GET    /api/search/overview                           cors.New → middleware.NamePreference → ContentStance → OptionalAuth → SearchHandler.Overview
GET    /api/search/quick                              cors.New → middleware.NamePreference → ContentStance → OptionalAuth → SearchHandler.QuickSearch
GET    /api/section                                   cors.New → middleware.NamePreference → ContentStance → OptionalAuth → SectionHandler.GetSectionTopics
GET    /api/toolset                                   cors.New → middleware.NamePreference → ContentStance → OptionalAuth → ToolsetHandler.GetList
GET    /api/toolset/:id                               cors.New → middleware.NamePreference → ContentStance → OptionalAuth → ToolsetHandler.GetDetail
GET    /api/toolset/:id/practicality                  cors.New → middleware.NamePreference → ContentStance → OptionalAuth → PracticalityHandler.GetPracticality
GET    /api/toolset/:id/resource/detail               cors.New → middleware.NamePreference → ContentStance → ResourceHandler.GetResourceDetail
GET    /api/user/:id/collections                      cors.New → middleware.NamePreference → ContentStance → OptionalAuth → GalgameCollectionHandler.GetUserCollections
GET    /api/user/:id/comments                         cors.New → middleware.NamePreference → ContentStance → UserHandler.GetUserComments
GET    /api/user/:id/galgame-comments                 cors.New → middleware.NamePreference → ContentStance → UserHandler.GetUserGalgameComments
GET    /api/user/:id/galgames                         cors.New → middleware.NamePreference → ContentStance → UserHandler.GetUserGalgames
GET    /api/user/:id/ratings                          cors.New → middleware.NamePreference → ContentStance → UserHandler.GetUserRatings
GET    /api/user/:id/replies                          cors.New → middleware.NamePreference → ContentStance → UserHandler.GetUserReplies
GET    /api/user/:id/resources                        cors.New → middleware.NamePreference → ContentStance → UserHandler.GetUserResources
GET    /api/user/:id/toolsets                         cors.New → middleware.NamePreference → ContentStance → ToolsetHandler.GetUserToolsets
GET    /api/user/:id/topics                           cors.New → middleware.NamePreference → ContentStance → OptionalAuth → UserHandler.GetUserTopics
GET    /api/v1/admin/hidden-topics                    cors.New → v1Headers → fiberAdapter.Handle
GET    /api/v1/admin/permission-changes               cors.New → v1Headers → fiberAdapter.Handle
GET    /api/v1/admin/review-items                     cors.New → v1Headers → fiberAdapter.Handle
GET    /api/v1/admin/review-items/:review_item_id     cors.New → v1Headers → fiberAdapter.Handle
GET    /api/v1/admin/role-permissions                 cors.New → v1Headers → fiberAdapter.Handle
GET    /api/v1/admin/topics/:topic_id                 cors.New → v1Headers → fiberAdapter.Handle
GET    /api/v1/admin/user-permissions/:user_id        cors.New → v1Headers → fiberAdapter.Handle
GET    /api/v1/admin/website-categories/:website_category_id cors.New → v1Headers → fiberAdapter.Handle
GET    /api/v1/admin/website-tag-groups/:website_tag_group_id cors.New → v1Headers → fiberAdapter.Handle
GET    /api/v1/admin/website-tags/:website_tag_id     cors.New → v1Headers → fiberAdapter.Handle
GET    /api/v1/admin/websites/:website_id             cors.New → v1Headers → fiberAdapter.Handle
GET    /api/v1/comments/:comment_id                   cors.New → v1Headers → fiberAdapter.Handle
GET    /api/v1/comments/:comment_id/source            cors.New → v1Headers → fiberAdapter.Handle
GET    /api/v1/galgames/:galgame_id/moyu-patches      cors.New → v1Headers → fiberAdapter.Handle
GET    /api/v1/lotteries/:lottery_id                  cors.New → v1Headers → fiberAdapter.Handle
GET    /api/v1/lotteries/:lottery_id/entries          cors.New → v1Headers → fiberAdapter.Handle
GET    /api/v1/lotteries/:lottery_id/winners/:winner_id cors.New → v1Headers → fiberAdapter.Handle
GET    /api/v1/me                                     cors.New → v1Headers → fiberAdapter.Handle
GET    /api/v1/me/conversations                       cors.New → v1Headers → fiberAdapter.Handle
GET    /api/v1/me/conversations/:user_id              cors.New → v1Headers → fiberAdapter.Handle
GET    /api/v1/me/conversations/:user_id/messages     cors.New → v1Headers → fiberAdapter.Handle
GET    /api/v1/me/conversations/:user_id/messages/:message_id cors.New → v1Headers → fiberAdapter.Handle
GET    /api/v1/me/creator-status                      cors.New → v1Headers → fiberAdapter.Handle
GET    /api/v1/me/moemoepoint-entries                 cors.New → v1Headers → fiberAdapter.Handle
GET    /api/v1/me/notification-preferences            cors.New → v1Headers → fiberAdapter.Handle
GET    /api/v1/me/notifications                       cors.New → v1Headers → fiberAdapter.Handle
GET    /api/v1/me/notifications/:notification_id      cors.New → v1Headers → fiberAdapter.Handle
GET    /api/v1/me/notifications/summary               cors.New → v1Headers → fiberAdapter.Handle
GET    /api/v1/me/permissions                         cors.New → v1Headers → fiberAdapter.Handle
GET    /api/v1/me/preferences                         cors.New → v1Headers → fiberAdapter.Handle
GET    /api/v1/me/topic-drafts                        cors.New → v1Headers → fiberAdapter.Handle
GET    /api/v1/me/topic-drafts/:draft_id              cors.New → v1Headers → fiberAdapter.Handle
GET    /api/v1/me/topic-states                        cors.New → v1Headers → fiberAdapter.Handle
GET    /api/v1/polls/:poll_id                         cors.New → v1Headers → fiberAdapter.Handle
GET    /api/v1/polls/:poll_id/votes                   cors.New → v1Headers → fiberAdapter.Handle
GET    /api/v1/problems                               cors.New → v1Headers → fiberAdapter.Handle
GET    /api/v1/problems/reasons                       cors.New → v1Headers → fiberAdapter.Handle
GET    /api/v1/replies/:reply_id                      cors.New → v1Headers → fiberAdapter.Handle
GET    /api/v1/replies/:reply_id/reactions            cors.New → v1Headers → fiberAdapter.Handle
GET    /api/v1/replies/:reply_id/source               cors.New → v1Headers → fiberAdapter.Handle
GET    /api/v1/report-reasons                         cors.New → v1Headers → fiberAdapter.Handle
GET    /api/v1/todos                                  cors.New → v1Headers → fiberAdapter.Handle
GET    /api/v1/todos/:todo_id                         cors.New → v1Headers → fiberAdapter.Handle
GET    /api/v1/topics                                 cors.New → v1Headers → fiberAdapter.Handle
GET    /api/v1/topics/:topic_id                       cors.New → v1Headers → fiberAdapter.Handle
GET    /api/v1/topics/:topic_id/lotteries             cors.New → v1Headers → fiberAdapter.Handle
GET    /api/v1/topics/:topic_id/polls                 cors.New → v1Headers → fiberAdapter.Handle
GET    /api/v1/topics/:topic_id/reactions             cors.New → v1Headers → fiberAdapter.Handle
GET    /api/v1/topics/:topic_id/replies               cors.New → v1Headers → fiberAdapter.Handle
GET    /api/v1/topics/:topic_id/source                cors.New → v1Headers → fiberAdapter.Handle
GET    /api/v1/topics/:topic_id/upvotes               cors.New → v1Headers → fiberAdapter.Handle
GET    /api/v1/update-logs                            cors.New → v1Headers → fiberAdapter.Handle
GET    /api/v1/update-logs/:update_log_id             cors.New → v1Headers → fiberAdapter.Handle
GET    /api/v1/users                                  cors.New → v1Headers → fiberAdapter.Handle
GET    /api/v1/users/:user_id                         cors.New → v1Headers → fiberAdapter.Handle
GET    /api/v1/wall-comments                          cors.New → v1Headers → fiberAdapter.Handle
GET    /api/v1/wall-comments/:wall_comment_id         cors.New → v1Headers → fiberAdapter.Handle
GET    /api/v1/wall-comments/:wall_comment_id/source  cors.New → v1Headers → fiberAdapter.Handle
GET    /api/v1/website-categories                     cors.New → v1Headers → fiberAdapter.Handle
GET    /api/v1/website-categories/:website_category_slug cors.New → v1Headers → fiberAdapter.Handle
GET    /api/v1/website-tag-groups                     cors.New → v1Headers → fiberAdapter.Handle
GET    /api/v1/website-tags                           cors.New → v1Headers → fiberAdapter.Handle
GET    /api/v1/website-tags/:website_tag_slug         cors.New → v1Headers → fiberAdapter.Handle
GET    /api/v1/websites                               cors.New → v1Headers → fiberAdapter.Handle
GET    /api/v1/websites/:website_host                 cors.New → v1Headers → fiberAdapter.Handle
GET    /healthz                                       cors.New → App.setupRoutes
PATCH  /api/galgame/collection/:cid                   cors.New → middleware.NamePreference → ContentStance → OptionalAuth → Auth → GalgameCollectionHandler.Update
PATCH  /api/v1/admin/review-items/:review_item_id     cors.New → v1Headers → fiberAdapter.Handle
PATCH  /api/v1/admin/role-permissions                 cors.New → v1Headers → fiberAdapter.Handle
PATCH  /api/v1/admin/website-categories/:website_category_id cors.New → v1Headers → fiberAdapter.Handle
PATCH  /api/v1/admin/website-tag-groups/:website_tag_group_id cors.New → v1Headers → fiberAdapter.Handle
PATCH  /api/v1/admin/website-tags/:website_tag_id     cors.New → v1Headers → fiberAdapter.Handle
PATCH  /api/v1/admin/websites/:website_id             cors.New → v1Headers → fiberAdapter.Handle
PATCH  /api/v1/comments/:comment_id                   cors.New → v1Headers → fiberAdapter.Handle
PATCH  /api/v1/lotteries/:lottery_id                  cors.New → v1Headers → fiberAdapter.Handle
PATCH  /api/v1/lotteries/:lottery_id/winners/:winner_id cors.New → v1Headers → fiberAdapter.Handle
PATCH  /api/v1/me/conversations/:user_id/messages/:message_id cors.New → v1Headers → fiberAdapter.Handle
PATCH  /api/v1/me/profile                             cors.New → v1Headers → fiberAdapter.Handle
PATCH  /api/v1/polls/:poll_id                         cors.New → v1Headers → fiberAdapter.Handle
PATCH  /api/v1/replies/:reply_id                      cors.New → v1Headers → fiberAdapter.Handle
PATCH  /api/v1/todos/:todo_id                         cors.New → v1Headers → fiberAdapter.Handle
PATCH  /api/v1/topics/:topic_id                       cors.New → v1Headers → fiberAdapter.Handle
PATCH  /api/v1/update-logs/:update_log_id             cors.New → v1Headers → fiberAdapter.Handle
PATCH  /api/v1/wall-comments/:wall_comment_id         cors.New → v1Headers → fiberAdapter.Handle
POST   /api/admin/friend-link                         cors.New → middleware.NamePreference → ContentStance → OptionalAuth → Auth → RequirePermission → FriendLinkHandler.Create
POST   /api/admin/galgame/:gid/review                 cors.New → middleware.NamePreference → ContentStance → OptionalAuth → Auth → RequirePermission → ClaimReviewHandler.Review
POST   /api/auth/logout                               cors.New → middleware.NamePreference → ContentStance → OAuthHandler.Logout
POST   /api/auth/oauth/callback                       cors.New → middleware.NamePreference → ContentStance → OAuthHandler.Callback
POST   /api/community/wall/follow                     cors.New → middleware.NamePreference → ContentStance → OptionalAuth → Auth → EngagementHandler.WallFollow
POST   /api/community/wall/read                       cors.New → middleware.NamePreference → ContentStance → OptionalAuth → Auth → EngagementHandler.WallRead
POST   /api/doc/article                               cors.New → middleware.NamePreference → ContentStance → OptionalAuth → Auth → RequirePermission → ArticleHandler.CreateArticle
POST   /api/doc/category                              cors.New → middleware.NamePreference → ContentStance → OptionalAuth → Auth → RequirePermission → CategoryHandler.CreateCategory
POST   /api/doc/tag                                   cors.New → middleware.NamePreference → ContentStance → OptionalAuth → Auth → RequirePermission → TagHandler.CreateTag
POST   /api/galgame-edit/proposals/:id/amend          cors.New → middleware.NamePreference → ContentStance → OptionalAuth → Auth → EditHandler.Amend
POST   /api/galgame-edit/proposals/:id/decline        cors.New → middleware.NamePreference → ContentStance → OptionalAuth → Auth → EditHandler.Decline
POST   /api/galgame-edit/proposals/:id/merge          cors.New → middleware.NamePreference → ContentStance → OptionalAuth → Auth → EditHandler.Merge
POST   /api/galgame-edit/proposals/:id/withdraw       cors.New → middleware.NamePreference → ContentStance → OptionalAuth → Auth → EditHandler.Withdraw
POST   /api/galgame-quiz                              cors.New → middleware.NamePreference → ContentStance → OptionalAuth → Auth → QuizHandler.CreateQuiz
POST   /api/galgame-quiz/:id/answer                   cors.New → middleware.NamePreference → ContentStance → OptionalAuth → Auth → QuizHandler.AnswerQuiz
POST   /api/galgame-rating                            cors.New → middleware.NamePreference → ContentStance → OptionalAuth → Auth → RatingHandler.CreateRating
POST   /api/galgame/:gid/edit/proposals               cors.New → middleware.NamePreference → ContentStance → OptionalAuth → Auth → EditHandler.Submit
POST   /api/galgame/:gid/edit/revert                  cors.New → middleware.NamePreference → ContentStance → OptionalAuth → Auth → EditHandler.Revert
POST   /api/galgame/:gid/resource                     cors.New → middleware.NamePreference → ContentStance → OptionalAuth → Auth → ResourceHandler.CreateResource
POST   /api/galgame/:gid/resubmit                     cors.New → middleware.NamePreference → ContentStance → OptionalAuth → Auth → SubmissionHandler.Resubmit
POST   /api/galgame/collection                        cors.New → middleware.NamePreference → ContentStance → OptionalAuth → Auth → GalgameCollectionHandler.Create
POST   /api/galgame/submit                            cors.New → middleware.NamePreference → ContentStance → OptionalAuth → Auth → SubmissionHandler.Submit
POST   /api/image/cover                               cors.New → middleware.NamePreference → ContentStance → OptionalAuth → Auth → ImageHandler.UploadCoverImage
POST   /api/image/galgame                             cors.New → middleware.NamePreference → ContentStance → OptionalAuth → Auth → ImageHandler.UploadGalgameImage
POST   /api/image/message                             cors.New → middleware.NamePreference → ContentStance → OptionalAuth → Auth → ImageHandler.UploadMessageImage
POST   /api/image/topic                               cors.New → middleware.NamePreference → ContentStance → OptionalAuth → Auth → ImageHandler.UploadTopicImage
POST   /api/toolset                                   cors.New → middleware.NamePreference → ContentStance → OptionalAuth → Auth → ToolsetHandler.Create
POST   /api/toolset/:id/resource                      cors.New → middleware.NamePreference → ContentStance → OptionalAuth → Auth → ResourceHandler.CreateResource
POST   /api/toolset/:id/upload/abort                  cors.New → middleware.NamePreference → ContentStance → OptionalAuth → Auth → UploadHandler.UploadAbort
POST   /api/toolset/:id/upload/complete               cors.New → middleware.NamePreference → ContentStance → OptionalAuth → Auth → UploadHandler.UploadComplete
POST   /api/toolset/:id/upload/init                   cors.New → middleware.NamePreference → ContentStance → OptionalAuth → Auth → UploadHandler.UploadInit
POST   /api/toolset/:id/upload/resume                 cors.New → middleware.NamePreference → ContentStance → OptionalAuth → Auth → UploadHandler.UploadResume
POST   /api/trust/callback                            cors.New → middleware.NamePreference → ContentStance → TrustHandler.Callback
POST   /api/v1/admin/website-categories               cors.New → v1Headers → fiberAdapter.Handle
POST   /api/v1/admin/website-tag-groups               cors.New → v1Headers → fiberAdapter.Handle
POST   /api/v1/admin/website-tags                     cors.New → v1Headers → fiberAdapter.Handle
POST   /api/v1/admin/websites                         cors.New → v1Headers → fiberAdapter.Handle
POST   /api/v1/lotteries/:lottery_id/code-reveals     cors.New → v1Headers → fiberAdapter.Handle
POST   /api/v1/me/check-ins                           cors.New → v1Headers → fiberAdapter.Handle
POST   /api/v1/me/conversations/:user_id/messages     cors.New → v1Headers → fiberAdapter.Handle
POST   /api/v1/me/creator-applications                cors.New → v1Headers → fiberAdapter.Handle
POST   /api/v1/me/topic-drafts                        cors.New → v1Headers → fiberAdapter.Handle
POST   /api/v1/replies/:reply_id/comments             cors.New → v1Headers → fiberAdapter.Handle
POST   /api/v1/reports                                cors.New → v1Headers → fiberAdapter.Handle
POST   /api/v1/todos                                  cors.New → v1Headers → fiberAdapter.Handle
POST   /api/v1/topics                                 cors.New → v1Headers → fiberAdapter.Handle
POST   /api/v1/topics/:topic_id/lotteries             cors.New → v1Headers → fiberAdapter.Handle
POST   /api/v1/topics/:topic_id/polls                 cors.New → v1Headers → fiberAdapter.Handle
POST   /api/v1/topics/:topic_id/replies               cors.New → v1Headers → fiberAdapter.Handle
POST   /api/v1/topics/:topic_id/upvotes               cors.New → v1Headers → fiberAdapter.Handle
POST   /api/v1/topics/:topic_id/views                 cors.New → v1Headers → fiberAdapter.Handle
POST   /api/v1/update-logs                            cors.New → v1Headers → fiberAdapter.Handle
POST   /api/v1/wall-comments                          cors.New → v1Headers → fiberAdapter.Handle
POST   /api/v1/wall-comments/:wall_comment_id/flags   cors.New → v1Headers → fiberAdapter.Handle
PUT    /api/admin/friend-link                         cors.New → middleware.NamePreference → ContentStance → OptionalAuth → Auth → RequirePermission → FriendLinkHandler.Update
PUT    /api/admin/friend-link/reorder                 cors.New → middleware.NamePreference → ContentStance → OptionalAuth → Auth → RequirePermission → FriendLinkHandler.Reorder
PUT    /api/admin/galgame/:gid/resource-publish-ban   cors.New → middleware.NamePreference → ContentStance → OptionalAuth → Auth → RequirePermission → ResourceHandler.SetResourcePublishBan
PUT    /api/doc/article                               cors.New → middleware.NamePreference → ContentStance → OptionalAuth → Auth → RequirePermission → ArticleHandler.UpdateArticle
PUT    /api/doc/article/pin                           cors.New → middleware.NamePreference → ContentStance → OptionalAuth → Auth → RequirePermission → ArticleHandler.SetArticlePin
PUT    /api/doc/article/reorder                       cors.New → middleware.NamePreference → ContentStance → OptionalAuth → Auth → RequirePermission → ArticleHandler.ReorderArticles
PUT    /api/doc/category                              cors.New → middleware.NamePreference → ContentStance → OptionalAuth → Auth → RequirePermission → CategoryHandler.UpdateCategory
PUT    /api/doc/tag                                   cors.New → middleware.NamePreference → ContentStance → OptionalAuth → Auth → RequirePermission → TagHandler.UpdateTag
PUT    /api/galgame-quiz/:id                          cors.New → middleware.NamePreference → ContentStance → OptionalAuth → Auth → QuizHandler.UpdateQuiz
PUT    /api/galgame-quiz/:id/favorite                 cors.New → middleware.NamePreference → ContentStance → OptionalAuth → Auth → QuizHandler.ToggleQuizFavorite
PUT    /api/galgame-quiz/:id/quality                  cors.New → middleware.NamePreference → ContentStance → OptionalAuth → Auth → QuizHandler.RateQuizQuality
PUT    /api/galgame-rating/:id                        cors.New → middleware.NamePreference → ContentStance → OptionalAuth → Auth → RatingHandler.UpdateRating
PUT    /api/galgame-rating/:id/like                   cors.New → middleware.NamePreference → ContentStance → OptionalAuth → Auth → RatingHandler.ToggleLike
PUT    /api/galgame/:gid/collections                  cors.New → middleware.NamePreference → ContentStance → OptionalAuth → Auth → GalgameCollectionHandler.SetMembership
PUT    /api/galgame/:gid/cover/:coverId/vote          cors.New → middleware.NamePreference → ContentStance → OptionalAuth → Auth → CoverVoteHandler.Vote
PUT    /api/galgame/:gid/like                         cors.New → middleware.NamePreference → ContentStance → OptionalAuth → Auth → GalgameHandler.ToggleLike
PUT    /api/galgame/:gid/playtime                     cors.New → middleware.NamePreference → ContentStance → OptionalAuth → Auth → PlaytimeHandler.Report
PUT    /api/galgame/:gid/resource                     cors.New → middleware.NamePreference → ContentStance → OptionalAuth → Auth → ResourceHandler.UpdateResource
PUT    /api/galgame/:gid/resource/expired             cors.New → middleware.NamePreference → ContentStance → OptionalAuth → Auth → ResourceHandler.MarkExpired
PUT    /api/galgame/:gid/resource/like                cors.New → middleware.NamePreference → ContentStance → OptionalAuth → Auth → ResourceHandler.ToggleLike
PUT    /api/galgame/:gid/resource/valid               cors.New → middleware.NamePreference → ContentStance → OptionalAuth → Auth → ResourceHandler.MarkValid
PUT    /api/toolset/:id                               cors.New → middleware.NamePreference → ContentStance → OptionalAuth → Auth → ToolsetHandler.Update
PUT    /api/toolset/:id/practicality                  cors.New → middleware.NamePreference → ContentStance → OptionalAuth → Auth → PracticalityHandler.UpsertPracticality
PUT    /api/toolset/:id/resource                      cors.New → middleware.NamePreference → ContentStance → OptionalAuth → Auth → ResourceHandler.UpdateResource
PUT    /api/v1/admin/user-permissions/:user_id        cors.New → v1Headers → fiberAdapter.Handle
PUT    /api/v1/comments/:comment_id/like              cors.New → v1Headers → fiberAdapter.Handle
PUT    /api/v1/lotteries/:lottery_id/entries/me       cors.New → v1Headers → fiberAdapter.Handle
PUT    /api/v1/me/avatar                              cors.New → v1Headers → fiberAdapter.Handle
PUT    /api/v1/me/conversations/:user_id/read-marker  cors.New → v1Headers → fiberAdapter.Handle
PUT    /api/v1/me/notification-preferences            cors.New → v1Headers → fiberAdapter.Handle
PUT    /api/v1/me/notifications/read-marker           cors.New → v1Headers → fiberAdapter.Handle
PUT    /api/v1/me/nsfw-display                        cors.New → v1Headers → fiberAdapter.Handle
PUT    /api/v1/me/preferences                         cors.New → v1Headers → fiberAdapter.Handle
PUT    /api/v1/polls/:poll_id/vote                    cors.New → v1Headers → fiberAdapter.Handle
PUT    /api/v1/replies/:reply_id/reactions/:reaction  cors.New → v1Headers → fiberAdapter.Handle
PUT    /api/v1/topics/:topic_id/best-answer           cors.New → v1Headers → fiberAdapter.Handle
PUT    /api/v1/topics/:topic_id/favorite              cors.New → v1Headers → fiberAdapter.Handle
PUT    /api/v1/topics/:topic_id/pinned-reply          cors.New → v1Headers → fiberAdapter.Handle
PUT    /api/v1/topics/:topic_id/reactions/:reaction   cors.New → v1Headers → fiberAdapter.Handle
PUT    /api/v1/wall-comments/:wall_comment_id/like    cors.New → v1Headers → fiberAdapter.Handle
PUT    /api/v1/websites/:website_host/favorite        cors.New → v1Headers → fiberAdapter.Handle
PUT    /api/v1/websites/:website_host/like            cors.New → v1Headers → fiberAdapter.Handle
